
> generic-form@1.0.0 build /home/anubix/Escritorio/generic-form
> rslib

Rslib v0.22.0

info    build started...
ready   built in 0.08 s
start   generating declaration files... (esm)

1 files generated in dist, total: 0.4 kB (0.1 kB gzipped) (esm)

 ELIFECYCLE  Command failed with exit code 1.
