
> generic-form@1.0.0 build /home/anubix/Escritorio/generic-form
> rslib

Rslib v0.22.0

info    build started...
ready   built in 0.20 s
start   generating declaration files... (esm)
ready   declaration files generated in 4.61 s (esm)

1 files generated in dist, total: 0.4 kB (0.1 kB gzipped) (esm)

